// Jest Snapshot v1, https://goo.gl/fbAQLP

exports[`render correctly 1`] = `
<div>
  <div
    style="transform: translate3d(-100%, 0, 0);"
  >
    <div
      class="sc-bwzfXH kYoUhp"
    />
  </div>
</div>
`;
